../Core/Src/main.c:99:6:HAL_UART_RxCpltCallback	16	static
../Core/Src/main.c:105:6:HAL_I2C_MasterTxCpltCallback	32	static
../Core/Src/main.c:111:6:HAL_GPIO_EXTI_Callback	24	static
../Core/Src/main.c:161:5:main	24	static
../Core/Src/main.c:237:6:SystemClock_Config	88	static
../Core/Src/main.c:284:13:MX_DAC_Init	16	static
../Core/Src/main.c:324:13:MX_I2C2_Init	8	static
../Core/Src/main.c:358:13:MX_TIM2_Init	32	static
../Core/Src/main.c:403:13:MX_TIM3_Init	64	static
../Core/Src/main.c:462:13:MX_TIM4_Init	64	static
../Core/Src/main.c:521:13:MX_USART2_UART_Init	8	static
../Core/Src/main.c:552:13:MX_DMA_Init	16	static
../Core/Src/main.c:570:13:MX_GPIO_Init	48	static
../Core/Src/main.c:610:6:Error_Handler	4	static,ignoring_inline_asm
