../Core/Src/stm32f4xx_it.c:88:6:NMI_Handler	4	static
../Core/Src/stm32f4xx_it.c:103:6:HardFault_Handler	4	static
../Core/Src/stm32f4xx_it.c:118:6:MemManage_Handler	4	static
../Core/Src/stm32f4xx_it.c:133:6:BusFault_Handler	4	static
../Core/Src/stm32f4xx_it.c:148:6:UsageFault_Handler	4	static
../Core/Src/stm32f4xx_it.c:163:6:SVC_Handler	4	static
../Core/Src/stm32f4xx_it.c:176:6:DebugMon_Handler	4	static
../Core/Src/stm32f4xx_it.c:189:6:PendSV_Handler	4	static
../Core/Src/stm32f4xx_it.c:202:6:SysTick_Handler	8	static
../Core/Src/stm32f4xx_it.c:223:6:RCC_IRQHandler	4	static
../Core/Src/stm32f4xx_it.c:236:6:EXTI1_IRQHandler	8	static
../Core/Src/stm32f4xx_it.c:250:6:DMA1_Stream5_IRQHandler	8	static
../Core/Src/stm32f4xx_it.c:264:6:TIM2_IRQHandler	8	static
../Core/Src/stm32f4xx_it.c:278:6:TIM3_IRQHandler	8	static
../Core/Src/stm32f4xx_it.c:294:6:TIM4_IRQHandler	8	static
../Core/Src/stm32f4xx_it.c:308:6:USART2_IRQHandler	8	static
