../Core/Src/stm32f4xx_it.c:85:6:NMI_Handler	4	static
../Core/Src/stm32f4xx_it.c:100:6:HardFault_Handler	4	static
../Core/Src/stm32f4xx_it.c:115:6:MemManage_Handler	4	static
../Core/Src/stm32f4xx_it.c:130:6:BusFault_Handler	4	static
../Core/Src/stm32f4xx_it.c:145:6:UsageFault_Handler	4	static
../Core/Src/stm32f4xx_it.c:160:6:SVC_Handler	4	static
../Core/Src/stm32f4xx_it.c:173:6:DebugMon_Handler	4	static
../Core/Src/stm32f4xx_it.c:186:6:PendSV_Handler	4	static
../Core/Src/stm32f4xx_it.c:199:6:SysTick_Handler	8	static
../Core/Src/stm32f4xx_it.c:220:6:RCC_IRQHandler	4	static
../Core/Src/stm32f4xx_it.c:233:6:EXTI1_IRQHandler	8	static
../Core/Src/stm32f4xx_it.c:247:6:DMA1_Stream5_IRQHandler	8	static
../Core/Src/stm32f4xx_it.c:261:6:TIM2_IRQHandler	8	static
../Core/Src/stm32f4xx_it.c:275:6:TIM3_IRQHandler	8	static
../Core/Src/stm32f4xx_it.c:291:6:USART2_IRQHandler	8	static
